Got dir entry: .
Got dir entry: ..
Got dir entry: .rnd
Got dir entry: .mozilla
Got dir entry: .font-unix
Got dir entry: .gdm_socket
Got dir entry: orbit-root
Got dir entry: .X11-unix
Got dir entry: @5235.0xf86config
Got dir entry: ssh-XXBUfsnr
Got dir entry: @1117.0xf86config
Got dir entry: .fam_socket
Got dir entry: samba
Got dir entry: ksocket-root
Got dir entry: kde-root
Got dir entry: orbit-ananth
Got dir entry: ssh-XXcfY7AG
Got dir entry: .X0-lock
Got dir entry: ed.RhR58N
Got dir entry: ssh-XXnRbDS7
Got dir entry: scrollkeeper-tempfile.0
Got dir entry: ltpstress-7232
Got dir entry: scrollkeeper-tempfile.1
Got dir entry: mcop-root
Got dir entry: LPB
Got dir entry: am4tLYBpfX
Got dir entry: @1219.0xf86config
Got dir entry: flt-UoKE3j
Got dir entry: flt-MBTnKQ
Got dir entry: flt-ghBwSm
Got dir entry: flt-dF6oAc
Got dir entry: flt-SnHMXJ
Got dir entry: flt-q7qZYX
Got dir entry: flt-ZiOfn9
Got dir entry: @1120.0xf86config
Got dir entry: @1203.0xf86config
Got dir entry: .ICE-unix
Got dir entry: ssh-XXWst32r
Got dir entry: newproject
Got dir entry: mkbootdisk.WhE7gb
Got dir entry: mkbootdisk.vU6mbh
Got dir entry: inoMmuFy7
Got dir entry: flt-JEfCxP
Got dir entry: flt-AOKJN7
Got dir entry: flt-MRMPdx
Got dir entry: flt-GjZbfT
Got dir entry: flt-7Zxk8X
Got dir entry: flt-osfF8M
Got dir entry: flt-L61wyw
Got dir entry: flt-TTkgbb
Got dir entry: flt-QudbG8
Got dir entry: flt-cpB6Og
Got dir entry: flt-ZncQID
Got dir entry: flt-SHp7R7
Got dir entry: flt-lYIvzu
Got dir entry: flt-NWStDZ
Got dir entry: flt-g5vQIN
Got dir entry: flt-nfzRdc
Got dir entry: flt-mQTMKV
Got dir entry: flt-j45dZ7
Got dir entry: flt-f3a1km
Got dir entry: flt-v2nCkL
Got dir entry: flt-QBgxlk
Got dir entry: flt-faSzSn
Got dir entry: flt-zx00yR
Got dir entry: flt-7W6I3V
Got dir entry: flt-KBEd1v
Got dir entry: flt-GAHVNI
Got dir entry: flt-SXDC9c
Got dir entry: flt-BZwxkf
Got dir entry: flt-EMeHmW
Got dir entry: flt-NXQ7eK
Got dir entry: flt-892KAU
Got dir entry: flt-b6cHBT
Got dir entry: flt-bu1xfc
Got dir entry: flt-87L7c1
Got dir entry: flt-aNEqzu
Got dir entry: flt-eO8EDv
Got dir entry: gforge.sql.log
Got dir entry: scrollkeeper-tempfile.2
Got dir entry: flt-EDfWbz
Got dir entry: flt-yjPDQ1
Got dir entry: flt-34oUnB
Got dir entry: flt-8aXtSP
Got dir entry: flt-fId7M2
Got dir entry: flt-gnAbBr
Got dir entry: flt-Pas2qB
Got dir entry: flt-ZBaaLY
Got dir entry: flt-lZYrzv
Got dir entry: flt-KixYqx
Got dir entry: flt-x9dn8a
Got dir entry: flt-pOwlqt
Got dir entry: flt-dYsXIT
Got dir entry: flt-aScT8E
Got dir entry: flt-ASb0hX
Got dir entry: flt-96r9jb
Got dir entry: flt-A6W3nb
Got dir entry: flt-GFKGcu
Got dir entry: flt-P1tVUQ
Got dir entry: flt-5KZfdm
Got dir entry: flt-LXrygs
Got dir entry: flt-Veiuj0
Got dir entry: flt-cObeQn
Got dir entry: flt-3OKAH6
Got dir entry: flt-oCoXsy
Got dir entry: flt-PUxbAo
Got dir entry: flt-eaPG7n
Got dir entry: flt-ZTCzVv
Got dir entry: flt-P0k4Hy
Got dir entry: flt-kRNhao
Got dir entry: flt-ZnPnRO
Got dir entry: flt-nxTEvB
Got dir entry: flt-APWhB6
Got dir entry: flt-eYYDos
Got dir entry: flt-3AwWxw
Got dir entry: flt-SjrDQs
Got dir entry: flt-C4rdHp
Got dir entry: flt-MvSeRe
Got dir entry: flt-nyOofg
Got dir entry: flt-3lR6s8
Got dir entry: flt-Js2BZa
Got dir entry: flt-pHGXWP
Got dir entry: flt-WAu4D6
Got dir entry: flt-heaTUG
Got dir entry: flt-mmwSJ3
Got dir entry: flt-gP5S54
Got dir entry: flt-mzydzu
Got dir entry: flt-sbgW1b
Got dir entry: flt-nj8G1R
Got dir entry: flt-6wRrvK
Got dir entry: flt-9Hcq57
Got dir entry: flt-Rzsw0G
Got dir entry: flt-pgkTki
Got dir entry: flt-1DnpJR
Got dir entry: flt-TwNV4U
Got dir entry: flt-nE5xqM
Got dir entry: flt-UvJmJ0
Got dir entry: flt-JytWTy
Got dir entry: flt-WL9KNS
Got dir entry: flt-vu5D3f
Got dir entry: flt-784nNl
Got dir entry: flt-S5RRZp
Got dir entry: flt-VDo5Wm
Got dir entry: flt-5zTOlu
Got dir entry: flt-7IbkcP
Got dir entry: flt-KTfERh
Got dir entry: flt-FyJt2E
Got dir entry: flt-zmz89G
Got dir entry: flt-lporLD
Got dir entry: flt-Lr0DQl
Got dir entry: flt-9WZCWi
Got dir entry: flt-jvp9Hp
Got dir entry: flt-qqez1z
Got dir entry: flt-9vSyyv
Got dir entry: flt-lpEQzx
Got dir entry: flt-NpwBOw
Got dir entry: flt-RD9sa7
Got dir entry: flt-0pGTci
Got dir entry: flt-grTBwV
Got dir entry: flt-wP0tF8
Got dir entry: flt-IO17o8
Got dir entry: flt-TfpwJv
Got dir entry: flt-7KfotX
Got dir entry: flt-sutMQ1
Got dir entry: flt-AoCQTI
Got dir entry: flt-i3y4B1
Got dir entry: flt-2LMVrL
Got dir entry: flt-kB8qy1
Got dir entry: flt-RIkjIH
Got dir entry: flt-UwlGar
Got dir entry: flt-hHjbQq
Got dir entry: flt-5NVg0n
Got dir entry: flt-XibCau
Got dir entry: flt-u5Ij82
Got dir entry: flt-8ioXE2
Got dir entry: flt-6bY6D9
Got dir entry: flt-ekcKNJ
Got dir entry: flt-guhRuW
Got dir entry: flt-Whyly0
Got dir entry: flt-sCAm1n
Got dir entry: flt-lBQ1U8
Got dir entry: flt-SZ31Qw
Got dir entry: flt-kRLIEm
Got dir entry: flt-iriDDi
Got dir entry: flt-a0sHSH
Got dir entry: flt-o9ayAI
Got dir entry: flt-PKIi1p
Got dir entry: flt-4zOr5x
Got dir entry: flt-KNBhDz
Got dir entry: flt-Cxp4EN
Got dir entry: flt-15Ad0h
Got dir entry: flt-jSjmxR
Got dir entry: flt-iJtT5X
Got dir entry: flt-0UZg9N
Got dir entry: flt-oXBCV7
Got dir entry: flt-jDr8jU
Got dir entry: flt-SCbAQ8
Got dir entry: flt-j9gbeV
Got dir entry: flt-1f4KNz
Got dir entry: flt-VZw3yP
Got dir entry: flt-1LeuZL
Got dir entry: flt-QG4R1b
Got dir entry: flt-WXnP6x
Got dir entry: flt-B4TdHq
Got dir entry: flt-rqAa8Y
Got dir entry: flt-I4MncX
Got dir entry: flt-u2qlX5
Got dir entry: flt-WriH8F
Got dir entry: flt-7laYnO
Got dir entry: flt-b5wTAS
Got dir entry: flt-g37yt6
Got dir entry: flt-egzeYZ
Got dir entry: flt-JWTY4x
Got dir entry: flt-lQ6xpq
Got dir entry: flt-yzjwIb
Got dir entry: flt-mdU0KL
Got dir entry: flt-U83f7c
Got dir entry: flt-2WC5yi
Got dir entry: flt-Xgfail
Got dir entry: orbit-srinidhi
Got dir entry: flt-HebQQQ
Got dir entry: flt-tZxz9h
Got dir entry: flt-4SbiUt
Got dir entry: flt-vpS8eE
Got dir entry: flt-qkAeGk
Got dir entry: flt-UdNo4T
Got dir entry: flt-de3ryk
Got dir entry: flt-Qp4j2T
Got dir entry: flt-1XxRJR
Got dir entry: flt-OhtxfZ
Got dir entry: flt-d3wsqU
Got dir entry: flt-ULUTv7
Got dir entry: flt-xJ61CZ
Got dir entry: flt-AwZEaY
Got dir entry: flt-wOqvnB
Got dir entry: flt-UvXW5T
Got dir entry: flt-SWtsLX
Got dir entry: flt-B5lsot
Got dir entry: flt-x1SNPu
Got dir entry: flt-ytnYtP
Got dir entry: flt-AHgwYi
Got dir entry: flt-SSssHB
Got dir entry: flt-RuRoRm
Got dir entry: inoiWrIRh
Got dir entry: senuD1Ds8
Got dir entry: flt-vvUWIx
Got dir entry: flt-gaPWuY
Got dir entry: flt-fsS60Q
Got dir entry: flt-1yMY8V
Got dir entry: flt-jTDelt
Got dir entry: flt-zA1YHP
Got dir entry: flt-eVrtYj
Got dir entry: flt-tbdtZ2
Got dir entry: flt-7eRNm4
Got dir entry: flt-ZK8gCk
Got dir entry: flt-E74rWv
Got dir entry: flt-nRFyt8
Got dir entry: scrollkeeper-tempfile.3
Got dir entry: flt-6YuRKh
Got dir entry: scrollkeeper-tempfile.4
Got dir entry: flt-jKV9Lh
Got dir entry: flt-qFJ86z
Got dir entry: flt-3euUPe
Got dir entry: flt-cwi235
Got dir entry: sig0ir7s5
Got dir entry: sigM6YrLP
Got dir entry: flt-TXJZCJ
Got dir entry: flt-oihkw2
Got dir entry: flt-5rRh89
Got dir entry: flt-aw30oY
Got dir entry: flt-MbpeB2
Got dir entry: flt-zKPYkM
Got dir entry: flt-A3YJS9
Got dir entry: flt-1gETu4
Got dir entry: flt-zXaD4O
Got dir entry: flt-sExqWD
Got dir entry: flt-jHDrWY
Got dir entry: flt-Ow7gZr
Got dir entry: flt-vtQdtC
Got dir entry: flt-BTCQdu
Got dir entry: flt-Ge09M2
Got dir entry: siguejYOP
Got dir entry: flt-7TPPE0
Got dir entry: flt-BVoJnI
Got dir entry: flt-76sy2N
Got dir entry: flt-h2RhJo
Got dir entry: flt-SIfpYj
Got dir entry: flt-byHVTz
Got dir entry: flt-6aU8YL
Got dir entry: flt-KQ269r
Got dir entry: flt-fdbTp1
Got dir entry: flt-x4hGO9
Got dir entry: flt-havTAs
Got dir entry: flt-3qHhos
Got dir entry: flt-q0n4C9
Got dir entry: flt-ZSAoBB
Got dir entry: flt-HJrIoU
Got dir entry: flt-Ggq51I
Got dir entry: flt-bHZpHz
Got dir entry: flt-RZ9ayl
Got dir entry: flt-nCjMFD
Got dir entry: flt-Ux72Zf
Got dir entry: flt-7C3jDk
Got dir entry: flt-yQQGwl
Got dir entry: flt-McFAeO
Got dir entry: flt-MErlc2
Got dir entry: flt-SX0zFz
Got dir entry: flt-4LTbDu
Got dir entry: flt-8kREeJ
Got dir entry: flt-IZ60gU
Got dir entry: flt-2ES3B5
Got dir entry: flt-E6Bdps
Got dir entry: flt-a39TRB
Got dir entry: flt-1MZC2h
Got dir entry: flt-ELetIB
Got dir entry: flt-OOtwtG
Got dir entry: flt-0erQBS
Got dir entry: flt-nTqXTL
Got dir entry: flt-slmWNd
Got dir entry: flt-ZxoQeX
Got dir entry: flt-yfNjZt
Got dir entry: flt-zoFXvV
Got dir entry: flt-rlXpMe
Got dir entry: flt-3HOxYL
Got dir entry: flt-g3xG28
Got dir entry: flt-GQTokB
Got dir entry: flt-dnjqEQ
Got dir entry: flt-adP2Zr
Got dir entry: flt-vMJcHf
Got dir entry: flt-u6peUP
Got dir entry: flt-Nfsmf5
Got dir entry: flt-ObzL7q
Got dir entry: flt-oqUVos
Got dir entry: flt-aNbmqm
Got dir entry: flt-LwSxSc
Got dir entry: flt-mr4rm4
Got dir entry: flt-1Gfxma
Got dir entry: flt-vmb5f2
Got dir entry: flt-6XQ88t
Got dir entry: flt-9ezCvT
Got dir entry: flt-CQ4my8
Got dir entry: flt-EraUxH
Got dir entry: flt-OEJ5UN
Got dir entry: flt-YhVmoJ
Got dir entry: flt-tZO5lw
Got dir entry: flt-zvK26B
Got dir entry: flt-TeaY3n
Got dir entry: flt-6ls6wf
Got dir entry: flt-R2jGNZ
Got dir entry: flt-Y1cgXk
Got dir entry: flt-kwZLwc
Got dir entry: sig85JOn8
Got dir entry: sigbE4hTP
Got dir entry: sigS6cWL7
Got dir entry: sig7Fh9d4
Got dir entry: sigQfXID5
Got dir entry: siglrMvDa
Got dir entry: sigMqarfb
Got dir entry: sig4OsVgo
Got dir entry: sigXgLMho
Got dir entry: sigFxPVIZ
Got dir entry: sigUmRHio
Got dir entry: sig20XDMZ
Got dir entry: sig7UFkQZ
Got dir entry: sigYjfBSZ
Got dir entry: sigzZPBjo
Got dir entry: sig4tfGH1
Got dir entry: sigO3VcVP
Got dir entry: sigaSTip7
Got dir entry: sigoodRmo
Got dir entry: sig5rT5oo
Got dir entry: sigpfKEgO
Got dir entry: sigIQQepo
Got dir entry: sig6hwmro
Got dir entry: sigTdhrL1
Got dir entry: sigOWR9M1
Got dir entry: sig9ESaR1
Got dir entry: sigxxwYn2
Got dir entry: sigkdWRqo
Got dir entry: sigxq8Vso
Got dir entry: sigrHCWso
Got dir entry: sigGV0wU5
Got dir entry: sigl31W0D
Got dir entry: sigFX6Git
Got dir entry: sigPy0uxo
Got dir entry: sigwMHT4D
Got dir entry: sig0eVh4p
Got dir entry: sigW1uKjD
Got dir entry: sigL3PK6D
Got dir entry: sig0Gsl9D
Got dir entry: sigjYlkbE
Got dir entry: sigwKPNdE
Got dir entry: signslYnE
Got dir entry: sigFIW3hE
Got dir entry: sigATUXjE
Got dir entry: sigepQ9pE
Got dir entry: sigR4yTkt
Got dir entry: sigTx8csE
Got dir entry: sigiWW6vE
Got dir entry: sigh7qiyE
Got dir entry: sig76HQnt
Got dir entry: sig89KiAE
Got dir entry: sig1LHKpc
Got dir entry: sigmG9oBt
Got dir entry: sigTvYmsc
Got dir entry: sigPtdWvt
Got dir entry: sigTIBLst
Got dir entry: sigdgzynD
Got dir entry: sigYdk2oD
Got dir entry: sighnTitD
Got dir entry: sigqZp2wD
Got dir entry: signNzYyD
Got dir entry: sigG642BD
Got dir entry: sig9s7MFD
Got dir entry: sigw0vZKD
Got dir entry: sigBOnXOD
Got dir entry: sigEJRs3N
Got dir entry: sigxPHy6N
Got dir entry: siggocpaO
Got dir entry: sigf5VlcO
Got dir entry: sigQrR8fO
Got dir entry: sigPofvYL
Got dir entry: sigcfltOd
Got dir entry: sigO4fNPd
Got dir entry: sigKWJeRd
Got dir entry: sigUkdG5k
Got dir entry: sigr15qCE
Got dir entry: siguOHSGE
Got dir entry: sigTiaoJE
Got dir entry: sigsyaeLE
Got dir entry: sigRIwINE
Got dir entry: sigQtI6PE
Got dir entry: sigVwNbtU
Got dir entry: sigkVkYwU
Got dir entry: sigtzPOyU
Got dir entry: sigjagOoX
Got dir entry: sigI7nMcW
Got dir entry: sigMnFMp0
Got dir entry: sigHUYRkF
Got dir entry: sigv0Jkx0
Got dir entry: sig7YGdC0
Got dir entry: siggk6Jy0
Got dir entry: sigclQtG0
Got dir entry: sigB3F6J0
Got dir entry: sigSrXAN0
Got dir entry: sigJKVYQ0
Got dir entry: sigYtJ1U0
Got dir entry: sigzimwY0
Got dir entry: sigqD1moF
Got dir entry: sigvRRA3F
Got dir entry: sigC9lx1Y
Got dir entry: sigBs6SpF
Got dir entry: sigXEX7uF
Got dir entry: sigsSNTwF
Got dir entry: sigPBN5AF
Got dir entry: sigYz3UEF
Got dir entry: sigJ8eQ7Y
Got dir entry: sigXlJDXP
Got dir entry: sigmcXXA0
Got dir entry: sig1qL295
Got dir entry: sigNXFXuc
Got dir entry: sigXpYtBc
Got dir entry: sigKrYUYa
Got dir entry: sig5rVj4a
Got dir entry: sigwxZk7a
Got dir entry: sigVRpAab
Got dir entry: sigm7B4fb
Got dir entry: sigtIEQib
Got dir entry: sigykEmmb
Got dir entry: sigRRZzqb
Got dir entry: sigIuQrsb
Got dir entry: sigT5Fawb
Got dir entry: sigId2iAb
Got dir entry: sighxvcCb
Got dir entry: siguJQZFb
Got dir entry: sigJevFJb
Got dir entry: sigSCOyLb
Got dir entry: sigqEgFKg
Got dir entry: sigd9iOLe
Got dir entry: sigmZzmPe
Got dir entry: sigBQiHSe
Got dir entry: sigwPmdWe
Got dir entry: sigXGAVXe
Got dir entry: sigIcxj1e
Got dir entry: sig7wde5e
Got dir entry: sigsBU78e
Got dir entry: sig8Veecf
Got dir entry: signdcOff
Got dir entry: sigQD22jf
Got dir entry: sigDuKrlf
Got dir entry: sigosJwpf
Got dir entry: sig91Ff7c
Got dir entry: sigRnGcbo
Got dir entry: sigxUUz8X
Got dir entry: sigamoOcd
Got dir entry: sigen07W1
Got dir entry: sig7vX9fd
Got dir entry: sigG1GKQd
Got dir entry: sig3yDMY1
Got dir entry: sig9FdhUd
Got dir entry: sigeuRz21
Got dir entry: sigMr2zXd
Got dir entry: sigXsgZ51
Got dir entry: sigUkjQ91
Got dir entry: sigR1F6Yi
Got dir entry: sig5l5wd2
Got dir entry: sigG1g13i
Got dir entry: sigvFUR7i
Got dir entry: sigELsZg2
Got dir entry: sigSBKGWS
Got dir entry: sig7S4d2S
Got dir entry: sigcnJnBU
Got dir entry: sigxb43CU
Got dir entry: sigHh7byX
Got dir entry: sigUhRq72
Got dir entry: sigLV6jg3
Got dir entry: siguLc2K3
Got dir entry: sigDC0Ij3
Got dir entry: sigSprLs2
Got dir entry: sigCKZxv3
Got dir entry: sigi5b1m3
Got dir entry: sigQgYcD3
Got dir entry: sigQ9Qy51
Got dir entry: sigOIbjG3
Got dir entry: sigVoZesY
Got dir entry: sigK2lru1
Got dir entry: sigR7bYx1
Got dir entry: sigG184C1
Got dir entry: sigwH8KvY
Got dir entry: sig3CS1F1
Got dir entry: sigOQcjL1
Got dir entry: sigJLePO1
Got dir entry: sig4TQKR1
Got dir entry: sigjeGC71
Got dir entry: sigoGYZ91
Got dir entry: sighMGlc2
Got dir entry: sigKSmme2
Got dir entry: sig1yQJg2
Got dir entry: sigCxFAj2
Got dir entry: sigjfBrl2
Got dir entry: sigirZXGU
Got dir entry: sigy8EVn2
Got dir entry: sigHZSnKU
Got dir entry: sigq8ZANU
Got dir entry: sigEaAqk4
Got dir entry: sig13011I
Got dir entry: sigNy4ko4
Got dir entry: sigpPh5W2
Got dir entry: sigOI68vN
Got dir entry: sigD0yvxo
Got dir entry: sig6A5s02
Got dir entry: sigPNyyf3
Got dir entry: sigYn5dj3
Got dir entry: sigTsVRs3
Got dir entry: sigAGLmw3
Got dir entry: sig3iHdA3
Got dir entry: sige0eLB3
Got dir entry: sigNBtWF3
Got dir entry: sigG1pDJ3
Got dir entry: sigbRAHL3
Got dir entry: sigWWxyzo
Got dir entry: sigH6Xxzo
Got dir entry: sigKtIEBo
Got dir entry: sigq0MaEo
Got dir entry: sigzDWXDo
Got dir entry: sigo60yGo
Got dir entry: sigcWPLGo
Got dir entry: sigAJHXIo
Got dir entry: sigQFa3Io
Got dir entry: sigDVn5Ko
Got dir entry: sigFG42Ko
Got dir entry: sigJ1v9Oo
Got dir entry: sigFpGcPo
Got dir entry: sigSOs0Qo
Got dir entry: siggBLXQo
Got dir entry: sigBETISo
Got dir entry: sigXrcTUo
Got dir entry: sigJKFtVo
Got dir entry: sigZ9zEWo
Got dir entry: sig0RkGZo
Got dir entry: sig8klbZo
Got dir entry: sigIE5v1o
Got dir entry: siggLRm3o
Got dir entry: sigAYaw5o
Got dir entry: sig8QNw5o
Got dir entry: sigP0Vn7o
Got dir entry: sigwzAo7o
Got dir entry: siggc0gap
Got dir entry: sigBCosPm
Got dir entry: sigU1rKSm
Got dir entry: sigSVxfTm
Got dir entry: sigsjioUm
Got dir entry: sigNX3aXm
Got dir entry: sigUaifYm
Got dir entry: sigE5r51m
Got dir entry: sigozDH2m
Got dir entry: sigV9uC4m
Got dir entry: sigo2CT4m
Got dir entry: sigR08z6m
Got dir entry: sigOoFb9m
Got dir entry: sig5SyY8m
Got dir entry: sigcEwNbn
Got dir entry: sig3Manbn
Got dir entry: sigq6RLdn
Got dir entry: sign0uQdn
Got dir entry: sigBRhNfn
Got dir entry: sigzRH4gn
Got dir entry: sig4FCQkn
Got dir entry: sigdQYQkn
Got dir entry: sigCmjSln
Got dir entry: sigJtcAon
Got dir entry: sigmnywpn
Got dir entry: flt-kbSbk2
Got dir entry: flt-4kUHwI
Got dir entry: flt-7uaphg
Got dir entry: flt-71tzgZ
Got dir entry: flt-zTri5l
Got dir entry: flt-Z6GgGw
Got dir entry: flt-EFFjLB
Got dir entry: flt-g27pc8
Got dir entry: flt-VIHFud
Got dir entry: flt-fbSGwv
Got dir entry: flt-CZagPR
Got dir entry: flt-JmbROD
Got dir entry: flt-bTCLfL
Got dir entry: flt-u70Hde
Got dir entry: flt-76LzY1
Got dir entry: flt-2eAOnr
Got dir entry: flt-hP8V8i
Got dir entry: flt-MFXrsk
Got dir entry: flt-jIFGCH
Got dir entry: flt-mfPzL2
Got dir entry: flt-g7dPxP
Got dir entry: flt-7vmy4F
Got dir entry: flt-psM2cA
Got dir entry: flt-kd8I2I
Got dir entry: flt-odX1bR
Got dir entry: flt-wA5IDW
Got dir entry: flt-ugdcqJ
Got dir entry: flt-sRi8Ue
Got dir entry: ccjsCswb.i
Got dir entry: ccWVGDyf.s
Got dir entry: sigkhgIEr
Got dir entry: sigbUcgnp
Got dir entry: sigC5ehpp
Got dir entry: sigtG34sp
Got dir entry: sig0cBTwp
Got dir entry: sigZxvuyp
Got dir entry: sigoMvcCp
Got dir entry: sigRar3Fp
Got dir entry: siglEe2hq
Got dir entry: sigFsg5V5
Got dir entry: sigK8RSZ5
Got dir entry: sigz63x35
Got dir entry: sigaXOq75
Got dir entry: sigbVLY85
Got dir entry: sigysYSc6
Got dir entry: sigDkLsg6
Got dir entry: sigS7BvY3
Got dir entry: sigtKpu23
Got dir entry: sigeYMW53
Got dir entry: signM3JT4
Got dir entry: sigoWgYW4
Got dir entry: sighUgn04
Got dir entry: sigaM3h44
Got dir entry: sigfevK74
Got dir entry: sigrN1Gy7
Got dir entry: sigyKGJD7
Got dir entry: sigD6M3G7
Got dir entry: sigAutgM7
Got dir entry: sigHTn1P7
Got dir entry: sigo78xT7
Got dir entry: sigrK05W7
Got dir entry: sig0xDNF8
Got dir entry: sigJSnBn6
Got dir entry: sig8GTer6
Got dir entry: sig9gaav6
Got dir entry: sigS7FZy6
Got dir entry: sig3YjwC6
Got dir entry: sig6ttWF6
Got dir entry: sigx1xDH6
Got dir entry: sigUGN0K6
Got dir entry: sigNQM4O6
Got dir entry: sigMJSqS6
Got dir entry: sig3rXJV6
Got dir entry: sigkk1iZ6
Got dir entry: sigJ03X26
Got dir entry: sigGgT659
Got dir entry: sigtlb6aa
Got dir entry: sigS1tGea
Got dir entry: signBt1ha
Got dir entry: sigy43Nla
Got dir entry: sig9kfJna
Got dir entry: sigCHIXra
Got dir entry: sig5PWCva
Got dir entry: sigIrR9ya
Got dir entry: sigfEdRAa
Got dir entry: sigI00IEa
Got dir entry: sigV4hdIa
Got dir entry: sig2ZECLa
Got dir entry: sigJlwAPa
Got dir entry: sigqR6HSa
Got dir entry: sig7aTkWa
Got dir entry: siguCFcn9
Got dir entry: sigBp87q9
Got dir entry: sigIAYAu9
Got dir entry: sigPxwxy9
Got dir entry: sigENkfC9
Got dir entry: sigb4paE9
Got dir entry: sigmXfXH9
Got dir entry: sigxyuSJ9
Got dir entry: siggfYFN9
Got dir entry: sigxDqqR9
Got dir entry: siguF1v0L
Got dir entry: sigHvSb4L
Got dir entry: sigozo85L
Got dir entry: sigje1z9L
Got dir entry: sig0VUNdM
Got dir entry: sig9dkzhM
Got dir entry: sigc9qXiM
Got dir entry: signQtjnM
Got dir entry: sigASlWqM
Got dir entry: sigjyRO0C
Got dir entry: sig9bQIpR
Got dir entry: sig0a7qtR
Got dir entry: sigJh7qxR
Got dir entry: sig28zZAR
Got dir entry: sigfBFrER
Got dir entry: sigs3FI3T
Got dir entry: sigX08k5T
Got dir entry: sig0lTC8T
Got dir entry: sigfxJxcU
Got dir entry: sigado0CU
Got dir entry: sig6lAO6U
Got dir entry: sigR2GcgV
Got dir entry: sig6FoFVS
Got dir entry: sigdnizXS
Got dir entry: sig6EvVZS
Got dir entry: sigbfkt2S
Got dir entry: sigKQuo6S
Got dir entry: sigDgYr8S
Got dir entry: sigy3bJaT
Got dir entry: sig1rzadT
Got dir entry: sigKG4fhT
Got dir entry: sigboyLjT
Got dir entry: sigaBWcmT
Got dir entry: sigHn0AoT
Got dir entry: sigqokuqT
Got dir entry: sigRXn0sT
Got dir entry: sigkKctvT
Got dir entry: sigTphjxT
Got dir entry: sigMn0KzT
Got dir entry: sigbCocCT
Got dir entry: sigabZaET
Got dir entry: sig3QnzGT
Got dir entry: sigmIj8IT
Got dir entry: sigb4FdNT
Got dir entry: sigQW0lPT
Got dir entry: signrZbMW
Got dir entry: sigWUSDQW
Got dir entry: sigXAxJSW
Got dir entry: sigo2QlWW
Got dir entry: sighQlA1W
Got dir entry: sigc45fjW
Got dir entry: sigwQ97Z0
Got dir entry: sigcxRi70
Got dir entry: sigF98yb1
Got dir entry: sigqJKVc1
Got dir entry: sigDL6ah1
Got dir entry: sigzN5A83
Got dir entry: sigEV25g4
Got dir entry: sigd9XLi4
Got dir entry: sighrv8lD
Got dir entry: sigST3DSD
Got dir entry: sigpYN6VD
Got dir entry: sigKuhFZD
Got dir entry: sigJv622D
Got dir entry: sigiLnG6D
Got dir entry: sigl6nZSF
Got dir entry: sig6NPl0F
Got dir entry: sigCuKc3F
Got dir entry: sig4EiZ6F
Got dir entry: sigCyA76F
Got dir entry: sigLcU6aG
Got dir entry: sigOv58cG
Got dir entry: sig9jAifG
Got dir entry: sigK60mhG
Got dir entry: sigd7YNLY
Got dir entry: sigE6QJdZ
Got dir entry: sigMbU5ZP
Got dir entry: sigNzMw2P
Got dir entry: sigYaXo4P
Got dir entry: sighwvK6P
Got dir entry: sigicSb9P
Got dir entry: sign2fDbQ
Got dir entry: sigu5H3dQ
Got dir entry: sigB98VC0
Got dir entry: sigMUi0G0
Got dir entry: sigM5ptPY
Got dir entry: sigZ3I6RY
Got dir entry: sigZO62ZY
Got dir entry: sigQc16ZY
Got dir entry: sigTbem3Y
Got dir entry: sigy4qG6Y
Got dir entry: sigMzcT7Y
Got dir entry: sig7ltUaZ
Got dir entry: sigSDLScZ
Got dir entry: sigrTNdfZ
Got dir entry: sig08zHhZ
Got dir entry: sighn1LjZ
Got dir entry: sigOThNlZ
Got dir entry: sigfhr9pZ
Got dir entry: sigUpnfsZ
Got dir entry: sigTaInuZ
Got dir entry: sigi5smwZ
Got dir entry: sig9L1OAZ
Got dir entry: sig67EXCZ
Got dir entry: sigswYP11
Got dir entry: sigrrMW31
Got dir entry: sigAZP851
Got dir entry: sigtdspa2
Got dir entry: sigKVcdc2
Got dir entry: sigpbtKf2
Got dir entry: sigTBYuN2
Got dir entry: sigYbosP2
Got dir entry: sigXCTSR2
Got dir entry: sig6AdkU2
Got dir entry: signl2nW2
Got dir entry: sigMnfxY2
Got dir entry: sigJtbT22
Got dir entry: sigibeT42
Got dir entry: sigXJLp72
Got dir entry: sigU7dg92
Got dir entry: sigje1Cb3
Got dir entry: sig6mHKS0
Got dir entry: sigDlpiV0
Got dir entry: sigKCV9W0
Got dir entry: sigjabEZ0
Got dir entry: sigoUL610
Got dir entry: sigXVXf60
Got dir entry: sigeECH80
Got dir entry: sigz0Peb1
Got dir entry: sigcOddd1
Got dir entry: sigDTBhf1
Got dir entry: sigspmjl1
Got dir entry: sigR9h9p1
Got dir entry: sigoglIt4
Got dir entry: sigFQspM4
Got dir entry: sigYBAaQ4
Got dir entry: sigPweAR4
Got dir entry: sigWn0OV4
Got dir entry: sigPf0tZ4
Got dir entry: sigk7hu14
Got dir entry: sigxdE944
Got dir entry: sigM82664
Got dir entry: sigN2FWw3
Got dir entry: sigamtiC3
Got dir entry: sigOJOAJ3
Got dir entry: sigxm53M3
Got dir entry: sigimSfQ3
Got dir entry: sig68iYU3
Got dir entry: sigNE8GY3
Got dir entry: sigOKVu23
Got dir entry: sigTonS53
Got dir entry: siga3Yl93
Got dir entry: sigvRzvc4
Got dir entry: sigm4cJg4
Got dir entry: sigb80ik4
Got dir entry: sigaTD7j7
Got dir entry: sigLxtCn7
Got dir entry: sigsrLht7
Got dir entry: sigPMjCw7
Got dir entry: sigo4QUz7
Got dir entry: sig9l48D7
Got dir entry: sig9m4d1d
Got dir entry: sigqfJB6d
Got dir entry: sigNUv79d
Got dir entry: sig0AhDbe
Got dir entry: signKRPfe
Got dir entry: sigAyZXEg
Got dir entry: sigdYEkGg
Got dir entry: sigZXYlOg
Got dir entry: sigwsgkQg
Got dir entry: sig9hPZTg
Got dir entry: sig6ZlVVg
Got dir entry: sigR3HCZg
Got dir entry: sigutEl3g
Got dir entry: sigTFGl7g
Got dir entry: sigA72GKh
Got dir entry: sigXoTFOh
Got dir entry: sigyjZnwf
Got dir entry: sigf3DpAf
Got dir entry: sigwf3QDf
Got dir entry: sigfW0JHf
Got dir entry: sigOVR7Kf
Got dir entry: sigBSG8Of
Got dir entry: sigUnMBQf
Got dir entry: sigFdUQUf
Got dir entry: sigk2urYf
Got dir entry: sigb7cp0f
Got dir entry: sigAhxa4f
Got dir entry: sigxXE95f
Got dir entry: sigGHPI9f
Got dir entry: sig1DFXdg
Got dir entry: siggDyRaj
Got dir entry: sigDASoij
Got dir entry: sig47hZkj
Got dir entry: sighQ2Doj
Got dir entry: sigYby3rj
Got dir entry: sigF7Ciwj
Got dir entry: sigaHxYzj
Got dir entry: sigrXsWBj
Got dir entry: siguoXCFj
Got dir entry: sig7dnAHj
Got dir entry: sigUs5eLj
Got dir entry: sign1quPj
Got dir entry: sigwr0TQj
Got dir entry: sigDs48Uj
Got dir entry: sigmfmOYj
Got dir entry: sigJ2to0j
Got dir entry: sigumLD4j
Got dir entry: sigBl8woi
Got dir entry: sigbw0MLi
Got dir entry: sig2uFvQi
Got dir entry: sigkLXO9i
Got dir entry: sig3rJPyl
Got dir entry: sigIARDbm
Got dir entry: sigZO5Oem
Got dir entry: sigsnpTim
Got dir entry: sigbayXlm
Got dir entry: sig4joXpm
Got dir entry: sig3mgltm
Got dir entry: sigyyQ1wm
Got dir entry: sigLyARAm
Got dir entry: sigY61BEm
Got dir entry: sigBC5fGm
Got dir entry: sigmGyYJm
Got dir entry: sigZdGOsk
Got dir entry: siguvHguk
Got dir entry: sigpiTdyk
Got dir entry: sigAbhpBk
Got dir entry: sigL2c1Gk
Got dir entry: sigm5t9ml
Got dir entry: sigfR5bql
Got dir entry: sigIfUvvl
Got dir entry: sig7B18yl
Got dir entry: sigoCE2Cl
Got dir entry: sig9ajxRU
Got dir entry: sigunK2UU
Got dir entry: sigBmO1YU
Got dir entry: sigkLIs2U
Got dir entry: sigHsSZ5U
Got dir entry: sigqdtV9U
Got dir entry: sigRW5mdV
Got dir entry: sigghdNgV
Got dir entry: sigB9awiV
Got dir entry: sigwEWDHX
Got dir entry: sig7ChqLX
Got dir entry: sigEpA9OX
Got dir entry: sigfK2UzY
Got dir entry: sigGR1fDY
Got dir entry: sig3MbYJY
Got dir entry: sigSoW3LY
Got dir entry: sigxLcHPY
Got dir entry: sig2M9rTY
Got dir entry: sig9NtcAW
Got dir entry: sigMh8RDW
Got dir entry: sig9EHJFW
Got dir entry: sigSb9pJW
Got dir entry: sig3iULNW
Got dir entry: sig0cv8OW
Got dir entry: sig7XxUSW
Got dir entry: sigGplfXW
Got dir entry: sigKiZGDX
Got dir entry: sig3rTkHX
Got dir entry: sigcamTKX
Got dir entry: sighEg28Z
Got dir entry: sigGEZ6d0
Got dir entry: sigXaCdh0
Got dir entry: sig8pbGm0
Got dir entry: siglkR2p0
Got dir entry: sigSa5Dt0
Got dir entry: sigtzIRw0
Got dir entry: sigMmGIB0
Got dir entry: sigjbHRE0
Got dir entry: sigY3YOJ0
Got dir entry: sigZHkhN0
Got dir entry: sigcUUsP0
Got dir entry: sig3Tehq2
Got dir entry: sigNuHbv2
Got dir entry: sigkB5px2
Got dir entry: sighvRIz2
Got dir entry: sigEyY6B2
Got dir entry: sigdyKpE2
Got dir entry: sigGg1y24
Got dir entry: sigFH8Y44
Got dir entry: sigwYRl74
Got dir entry: sigDRRH94
Got dir entry: sigQ1eYb5
Got dir entry: sigHIzoe5
Got dir entry: sigKjGAh5
Got dir entry: sigFkmXO5
Got dir entry: sigklqbR5
Got dir entry: sigRpaaT5
Got dir entry: sigACFrX5
Got dir entry: sigfVYOZ5
Got dir entry: sigyuxA15
Got dir entry: sigVzRH55
Got dir entry: sigEuo485
Got dir entry: sig5Xenb6
Got dir entry: sigwz1Ye6
Got dir entry: sigBVnWV3
Got dir entry: sigCNKXZ3
Got dir entry: sigp23B13
Got dir entry: sig8QPJ53
Got dir entry: sigz6Le83
Got dir entry: siggoHga4
Got dir entry: sigpQA1b4
Got dir entry: sigWm5mg4
Got dir entry: signeYti4
